<dataset>
 <ACCOUNTS ACCOUNT_ID="1" CUSTOMER_ID="1" DATE_ACCOUNT_OPENED="2015-08-26" ACCOUNT_NAME="Bart Account" />
</dataset>