<dataset>
 <CUSTOMERS CUSTOMER_ID="1" CUSTOMER_FIRST_NAME="Lisa" CUSTOMER_MIDDLE_NAME="Marie" CUSTOMER_LAST_NAME="Simpson"
  GENDER="0" EMAIL_ADDRESS="lisa@simpson.com" PHONE_NUMBER="888-7666" ADDRESS_DETAILS="743 Evergreen Terrace" />

 <CUSTOMERS CUSTOMER_ID="2" CUSTOMER_FIRST_NAME="Nedward" CUSTOMER_MIDDLE_NAME="Ned" CUSTOMER_LAST_NAME="Flanders"
  GENDER="1" EMAIL_ADDRESS="ned@flanders.com" PHONE_NUMBER="636-555-8904" ADDRESS_DETAILS="744 Evergreen Terrace" />

 <CUSTOMERS CUSTOMER_ID="3" CUSTOMER_FIRST_NAME="Rod" CUSTOMER_MIDDLE_NAME="Rod" CUSTOMER_LAST_NAME="Flanders"
  GENDER="1" EMAIL_ADDRESS="rod@flanders.com" PHONE_NUMBER="636-555-8904" ADDRESS_DETAILS="744 Evergreen Terrace" />
</dataset>