<dataset>
 <ACCOUNTS ACCOUNT_ID="1" CUSTOMER_ID="1" DATE_ACCOUNT_OPENED="2015-08-29" ACCOUNT_NAME="Another name" />
 <ACCOUNTS ACCOUNT_ID="2" CUSTOMER_ID="1" DATE_ACCOUNT_OPENED="2015-08-26" ACCOUNT_NAME="Wrong account for Bart to delete" />
</dataset>