<dataset>

 <TRANSACTION_TYPES TRANSACTION_TYPE_CODE="1" TRANSACTION_TYPE_DESCRIPTION="Payment" />

</dataset>