<dataset>
 <FINANCIAL_TRANSACTIONS TRANSACTION_ID="1" ACCOUNT_ID="1" INVOICE_NUMBER="2"
  TRANSACTION_TYPE_CODE="1" TRANSACTION_DATE="2015-09-05" TRANSACTION_AMOUNT="5.00" />
  <FINANCIAL_TRANSACTIONS TRANSACTION_ID="2" ACCOUNT_ID="1" INVOICE_NUMBER="1"
  TRANSACTION_TYPE_CODE="1" TRANSACTION_DATE="2015-09-05" TRANSACTION_AMOUNT="5.00" />
</dataset>