<dataset>

 <FINANCIAL_TRANSACTIONS TRANSACTION_ID="1" ACCOUNT_ID="1" INVOICE_NUMBER="2"
  TRANSACTION_TYPE_CODE="1" TRANSACTION_DATE="2015-09-06" TRANSACTION_AMOUNT="11.22" />
  
</dataset>