<dataset>

 <TRANSACTION_TYPES TRANSACTION_TYPE_CODE="1" TRANSACTION_TYPE_DESCRIPTION="Payment" />
 <TRANSACTION_TYPES TRANSACTION_TYPE_CODE="2" TRANSACTION_TYPE_DESCRIPTION="Debit Card" />
 <TRANSACTION_TYPES TRANSACTION_TYPE_CODE="3" TRANSACTION_TYPE_DESCRIPTION="Credit Card" />

</dataset>