<dataset>

 <TRANSACTION_TYPES TRANSACTION_TYPE_CODE="1" TRANSACTION_TYPE_DESCRIPTION="Cash Payment" />
 <TRANSACTION_TYPES TRANSACTION_TYPE_CODE="2" TRANSACTION_TYPE_DESCRIPTION="Debit Card" />

</dataset>