<dataset>
 <INVOICES INVOICE_NUMBER="1" ORDER_ID="1" INVOICE_DATE="2015-09-01" />
 <INVOICE_LINE_ITEMS ORDER_ITEM_ID="1" INVOICE_NUMBER="1" PRODUCT_ID="1" PRODUCT_TITLE="lacinia. Sed congue, elit sed"
  PRODUCT_QUANTITY="1" PRODUCT_PRICE="9.458" DERIVED_PRODUCT_COST="9.458" DERIVED_VAT_PAYABLE="0.458"
  DERIVED_TOTAL_COST="10.000" />

 <INVOICES INVOICE_NUMBER="2" ORDER_ID="2" INVOICE_DATE="2015-09-01" />
 <INVOICE_LINE_ITEMS ORDER_ITEM_ID="2" INVOICE_NUMBER="2" PRODUCT_ID="1" PRODUCT_TITLE="lacinia. Sed congue, elit sed"
  PRODUCT_QUANTITY="1" PRODUCT_PRICE="9.458" DERIVED_PRODUCT_COST="9.458" DERIVED_VAT_PAYABLE="0.458"
  DERIVED_TOTAL_COST="10.000" />

 <INVOICES INVOICE_NUMBER="3" ORDER_ID="3" INVOICE_DATE="2015-09-05" />
 <INVOICE_LINE_ITEMS ORDER_ITEM_ID="3" INVOICE_NUMBER="3" PRODUCT_ID="1" PRODUCT_TITLE="lacinia. Sed congue, elit sed"
  PRODUCT_QUANTITY="1" PRODUCT_PRICE="9.458" DERIVED_PRODUCT_COST="9.458" DERIVED_VAT_PAYABLE="1.892"
  DERIVED_TOTAL_COST="11.350" />
</dataset>