<dataset>

 <ORDERS ORDER_ID="1" CUSTOMER_ID="1" DATE_ORDER_PLACED="2015-08-30" TOTAL_AMOUNT="19.458" />

 <ORDER_ITEMS ORDER_ITEM_ID="1" ORDER_ID="1" PRODUCT_ID="1" PRODUCT_QUANTITY="1" ORDER_ITEM_COST="9.458" />
 <ORDER_ITEMS ORDER_ITEM_ID="2" ORDER_ID="1" PRODUCT_ID="2" PRODUCT_QUANTITY="1" ORDER_ITEM_COST="10.000" />
 
 <ORDERS ORDER_ID="2" CUSTOMER_ID="1" DATE_ORDER_PLACED="2015-08-31" TOTAL_AMOUNT="9.458" />
 <ORDER_ITEMS ORDER_ITEM_ID="3" ORDER_ID="2" PRODUCT_ID="1" PRODUCT_QUANTITY="1" ORDER_ITEM_COST="9.458" />

 <ORDERS ORDER_ID="3" CUSTOMER_ID="2" DATE_ORDER_PLACED="2015-08-31" TOTAL_AMOUNT="9.458" />
 <ORDER_ITEMS ORDER_ITEM_ID="4" ORDER_ID="3" PRODUCT_ID="1" PRODUCT_QUANTITY="1" ORDER_ITEM_COST="9.458" />

</dataset>