<dataset>
 <PRODUCT_CATEGORIES PRODUCT_TYPE_CODE="1" PRODUCT_TYPE_DESCRIPTION="Arts &amp; Entertainment"
  VAT_RATING="0.3" />
  <PRODUCT_CATEGORIES PRODUCT_TYPE_CODE="2" PRODUCT_TYPE_DESCRIPTION="Electronics" VAT_RATING="0.2" />
  <PRODUCT_CATEGORIES PRODUCT_TYPE_CODE="3" PRODUCT_TYPE_DESCRIPTION="Furniture" VAT_RATING="0.2" />
</dataset>