<dataset>
 <PRODUCTS PRODUCT_ID="1" PRODUCT_TYPE_CODE="1" PRODUCT_NAME="lacinia. Sed congue, elit sed" PRODUCT_PRICE="9.458"
  PRODUCT_COLOR="Blue" PRODUCT_SIZE="10x10" PRODUCT_DESCRIPTION="Lorem ipsum dolor sit amet, consectetuer" />
</dataset>