<dataset>
 <PRODUCTS PRODUCT_ID="1" PRODUCT_TYPE_CODE="2" PRODUCT_NAME="Updated name" PRODUCT_PRICE="20.003"
  PRODUCT_COLOR="Red" PRODUCT_SIZE="30x30" PRODUCT_DESCRIPTION="Updated Description" />
  
  <PRODUCTS PRODUCT_ID="2" PRODUCT_TYPE_CODE="3" PRODUCT_NAME="lacinia. Sed congue, elit sed 2" PRODUCT_PRICE="9.458"
  PRODUCT_COLOR="Blue" PRODUCT_SIZE="20x10" PRODUCT_DESCRIPTION="Lorem ipsum dolor sit amet, consectetuer" />
  
</dataset>